--------------------------------------------------------------------------------
Release 12.4 Trace  (lin64)
Copyright (c) 1995-2010 Xilinx, Inc.  All rights reserved.

/opt/Xilinx/12.4/ISE_DS/ISE/bin/lin64/unwrapped/trce -intstyle ise -v 3 -s 5 -n
3 -fastpaths -xml Board232.twx Board232.ncd -o Board232.twr Board232.pcf -ucf
Board232.ucf

Design file:              Board232.ncd
Physical constraint file: Board232.pcf
Device,package,speed:     xc3s250e,cp132,-5 (PRODUCTION 1.27 2010-11-18)
Report level:             verbose report

Environment Variable      Effect 
--------------------      ------ 
NONE                      No environment variables were set
--------------------------------------------------------------------------------

INFO:Timing:2698 - No timing constraints found, doing default enumeration.
INFO:Timing:2752 - To get complete path coverage, use the unconstrained paths 
   option. All paths that are not constrained will be reported in the 
   unconstrained paths section(s) of the report.
INFO:Timing:3339 - The clock-to-out numbers in this timing report are based on 
   a 50 Ohm transmission line loading model.  For the details of this model, 
   and for more information on accounting for different loading conditions, 
   please see the device datasheet.
INFO:Timing:3390 - This architecture does not support a default System Jitter 
   value, please add SYSTEM_JITTER constraint to the UCF to modify the Clock 
   Uncertainty calculation.
INFO:Timing:3389 - This architecture does not support 'Discrete Jitter' and 
   'Phase Error' calculations, these terms will be zero in the Clock 
   Uncertainty calculation.  Please make appropriate modification to 
   SYSTEM_JITTER to account for the unsupported Discrete Jitter and Phase 
   Error.



Data Sheet report:
-----------------
All values displayed in nanoseconds (ns)

Setup/Hold to clock btn<0>
------------+------------+------------+------------------+--------+
            |Max Setup to|Max Hold to |                  | Clock  |
Source      | clk (edge) | clk (edge) |Internal Clock(s) | Phase  |
------------+------------+------------+------------------+--------+
sw<0>       |    2.344(R)|    2.948(R)|clk               |   0.000|
sw<1>       |    2.806(R)|    2.603(R)|clk               |   0.000|
sw<2>       |    2.596(R)|    3.247(R)|clk               |   0.000|
sw<3>       |    3.497(R)|    0.682(R)|clk               |   0.000|
sw<4>       |    2.718(R)|    1.290(R)|clk               |   0.000|
sw<5>       |    2.978(R)|    1.108(R)|clk               |   0.000|
sw<6>       |    2.877(R)|    1.184(R)|clk               |   0.000|
sw<7>       |    3.638(R)|    0.552(R)|clk               |   0.000|
------------+------------+------------+------------------+--------+

Setup/Hold to clock btn<3>
------------+------------+------------+------------------+--------+
            |Max Setup to|Max Hold to |                  | Clock  |
Source      | clk (edge) | clk (edge) |Internal Clock(s) | Phase  |
------------+------------+------------+------------------+--------+
sw<0>       |    2.552(R)|    2.688(R)|clk               |   0.000|
sw<1>       |    3.014(R)|    2.343(R)|clk               |   0.000|
sw<2>       |    2.804(R)|    2.987(R)|clk               |   0.000|
sw<3>       |    3.705(R)|    0.422(R)|clk               |   0.000|
sw<4>       |    2.926(R)|    1.030(R)|clk               |   0.000|
sw<5>       |    3.186(R)|    0.848(R)|clk               |   0.000|
sw<6>       |    3.085(R)|    0.924(R)|clk               |   0.000|
sw<7>       |    3.846(R)|    0.292(R)|clk               |   0.000|
------------+------------+------------+------------------+--------+

Clock btn<0> to Pad
------------+------------+------------------+--------+
            | clk (edge) |                  | Clock  |
Destination |   to PAD   |Internal Clock(s) | Phase  |
------------+------------+------------------+--------+
led<0>      |    9.770(R)|clk               |   0.000|
led<1>      |   10.159(R)|clk               |   0.000|
led<2>      |    9.983(R)|clk               |   0.000|
led<3>      |   10.034(R)|clk               |   0.000|
led<4>      |    9.778(R)|clk               |   0.000|
led<5>      |    9.482(R)|clk               |   0.000|
led<6>      |    9.936(R)|clk               |   0.000|
led<7>      |   10.867(R)|clk               |   0.000|
seg<0>      |   16.279(R)|clk               |   0.000|
seg<1>      |   16.745(R)|clk               |   0.000|
seg<2>      |   17.045(R)|clk               |   0.000|
seg<3>      |   16.829(R)|clk               |   0.000|
seg<4>      |   17.240(R)|clk               |   0.000|
seg<5>      |   16.194(R)|clk               |   0.000|
seg<6>      |   17.228(R)|clk               |   0.000|
------------+------------+------------------+--------+

Clock btn<3> to Pad
------------+------------+------------------+--------+
            | clk (edge) |                  | Clock  |
Destination |   to PAD   |Internal Clock(s) | Phase  |
------------+------------+------------------+--------+
led<0>      |    9.510(R)|clk               |   0.000|
led<1>      |    9.899(R)|clk               |   0.000|
led<2>      |    9.723(R)|clk               |   0.000|
led<3>      |    9.774(R)|clk               |   0.000|
led<4>      |    9.518(R)|clk               |   0.000|
led<5>      |    9.222(R)|clk               |   0.000|
led<6>      |    9.676(R)|clk               |   0.000|
led<7>      |   10.607(R)|clk               |   0.000|
seg<0>      |   16.019(R)|clk               |   0.000|
seg<1>      |   16.485(R)|clk               |   0.000|
seg<2>      |   16.785(R)|clk               |   0.000|
seg<3>      |   16.569(R)|clk               |   0.000|
seg<4>      |   16.980(R)|clk               |   0.000|
seg<5>      |   15.934(R)|clk               |   0.000|
seg<6>      |   16.968(R)|clk               |   0.000|
------------+------------+------------------+--------+

Clock mclk to Pad
------------+------------+------------------+--------+
            | clk (edge) |                  | Clock  |
Destination |   to PAD   |Internal Clock(s) | Phase  |
------------+------------+------------------+--------+
an<0>       |    8.842(R)|mclk_BUFGP        |   0.000|
an<1>       |    8.902(R)|mclk_BUFGP        |   0.000|
an<2>       |    9.824(R)|mclk_BUFGP        |   0.000|
an<3>       |    9.059(R)|mclk_BUFGP        |   0.000|
seg<0>      |   12.926(R)|mclk_BUFGP        |   0.000|
seg<1>      |   13.409(R)|mclk_BUFGP        |   0.000|
seg<2>      |   13.964(R)|mclk_BUFGP        |   0.000|
seg<3>      |   13.476(R)|mclk_BUFGP        |   0.000|
seg<4>      |   14.159(R)|mclk_BUFGP        |   0.000|
seg<5>      |   12.673(R)|mclk_BUFGP        |   0.000|
seg<6>      |   14.147(R)|mclk_BUFGP        |   0.000|
------------+------------+------------------+--------+

Clock to Setup on destination clock btn<0>
---------------+---------+---------+---------+---------+
               | Src:Rise| Src:Fall| Src:Rise| Src:Fall|
Source Clock   |Dest:Rise|Dest:Rise|Dest:Fall|Dest:Fall|
---------------+---------+---------+---------+---------+
btn<0>         |    4.937|         |         |         |
btn<3>         |    4.937|         |         |         |
---------------+---------+---------+---------+---------+

Clock to Setup on destination clock btn<3>
---------------+---------+---------+---------+---------+
               | Src:Rise| Src:Fall| Src:Rise| Src:Fall|
Source Clock   |Dest:Rise|Dest:Rise|Dest:Fall|Dest:Fall|
---------------+---------+---------+---------+---------+
btn<0>         |    4.937|         |         |         |
btn<3>         |    4.937|         |         |         |
---------------+---------+---------+---------+---------+

Clock to Setup on destination clock mclk
---------------+---------+---------+---------+---------+
               | Src:Rise| Src:Fall| Src:Rise| Src:Fall|
Source Clock   |Dest:Rise|Dest:Rise|Dest:Fall|Dest:Fall|
---------------+---------+---------+---------+---------+
mclk           |    3.849|         |         |         |
---------------+---------+---------+---------+---------+


Analysis completed Tue May 17 16:07:37 2022 
--------------------------------------------------------------------------------

Trace Settings:
-------------------------
Trace Settings 

Peak Memory Usage: 221 MB



