--------------------------------------------------------------------------------
Release 12.4 Trace  (lin64)
Copyright (c) 1995-2010 Xilinx, Inc.  All rights reserved.

/opt/Xilinx/12.4/ISE_DS/ISE/bin/lin64/unwrapped/trce -intstyle ise -v 3 -s 5 -n
3 -fastpaths -xml Board232.twx Board232.ncd -o Board232.twr Board232.pcf -ucf
Board232.ucf

Design file:              Board232.ncd
Physical constraint file: Board232.pcf
Device,package,speed:     xc3s250e,cp132,-5 (PRODUCTION 1.27 2010-11-18)
Report level:             verbose report

Environment Variable      Effect 
--------------------      ------ 
NONE                      No environment variables were set
--------------------------------------------------------------------------------

INFO:Timing:2698 - No timing constraints found, doing default enumeration.
INFO:Timing:2752 - To get complete path coverage, use the unconstrained paths 
   option. All paths that are not constrained will be reported in the 
   unconstrained paths section(s) of the report.
INFO:Timing:3339 - The clock-to-out numbers in this timing report are based on 
   a 50 Ohm transmission line loading model.  For the details of this model, 
   and for more information on accounting for different loading conditions, 
   please see the device datasheet.
INFO:Timing:3390 - This architecture does not support a default System Jitter 
   value, please add SYSTEM_JITTER constraint to the UCF to modify the Clock 
   Uncertainty calculation.
INFO:Timing:3389 - This architecture does not support 'Discrete Jitter' and 
   'Phase Error' calculations, these terms will be zero in the Clock 
   Uncertainty calculation.  Please make appropriate modification to 
   SYSTEM_JITTER to account for the unsupported Discrete Jitter and Phase 
   Error.



Data Sheet report:
-----------------
All values displayed in nanoseconds (ns)

Setup/Hold to clock btn<0>
------------+------------+------------+------------------+--------+
            |Max Setup to|Max Hold to |                  | Clock  |
Source      | clk (edge) | clk (edge) |Internal Clock(s) | Phase  |
------------+------------+------------+------------------+--------+
sw<0>       |    4.127(R)|    1.248(R)|clk               |   0.000|
sw<1>       |    4.695(R)|    1.236(R)|clk               |   0.000|
sw<2>       |    4.058(R)|    1.185(R)|clk               |   0.000|
sw<3>       |    5.124(R)|    0.135(R)|clk               |   0.000|
sw<4>       |    4.748(R)|    0.391(R)|clk               |   0.000|
sw<5>       |    4.369(R)|    0.721(R)|clk               |   0.000|
sw<6>       |    4.579(R)|    0.530(R)|clk               |   0.000|
sw<7>       |    5.247(R)|   -0.008(R)|clk               |   0.000|
------------+------------+------------+------------------+--------+

Setup/Hold to clock btn<3>
------------+------------+------------+------------------+--------+
            |Max Setup to|Max Hold to |                  | Clock  |
Source      | clk (edge) | clk (edge) |Internal Clock(s) | Phase  |
------------+------------+------------+------------------+--------+
sw<0>       |    3.981(R)|    1.431(R)|clk               |   0.000|
sw<1>       |    4.549(R)|    1.419(R)|clk               |   0.000|
sw<2>       |    3.912(R)|    1.368(R)|clk               |   0.000|
sw<3>       |    4.978(R)|    0.318(R)|clk               |   0.000|
sw<4>       |    4.602(R)|    0.574(R)|clk               |   0.000|
sw<5>       |    4.223(R)|    0.904(R)|clk               |   0.000|
sw<6>       |    4.433(R)|    0.713(R)|clk               |   0.000|
sw<7>       |    5.101(R)|    0.175(R)|clk               |   0.000|
------------+------------+------------+------------------+--------+

Clock btn<0> to Pad
------------+------------+------------------+--------+
            | clk (edge) |                  | Clock  |
Destination |   to PAD   |Internal Clock(s) | Phase  |
------------+------------+------------------+--------+
led<1>      |   10.225(R)|clk               |   0.000|
led<2>      |    9.708(R)|clk               |   0.000|
led<5>      |    8.694(R)|clk               |   0.000|
led<6>      |    8.767(R)|clk               |   0.000|
seg<0>      |   14.920(R)|clk               |   0.000|
seg<1>      |   15.591(R)|clk               |   0.000|
seg<2>      |   15.966(R)|clk               |   0.000|
seg<3>      |   16.083(R)|clk               |   0.000|
seg<4>      |   15.968(R)|clk               |   0.000|
seg<5>      |   14.459(R)|clk               |   0.000|
seg<6>      |   15.941(R)|clk               |   0.000|
------------+------------+------------------+--------+

Clock btn<3> to Pad
------------+------------+------------------+--------+
            | clk (edge) |                  | Clock  |
Destination |   to PAD   |Internal Clock(s) | Phase  |
------------+------------+------------------+--------+
led<1>      |   10.408(R)|clk               |   0.000|
led<2>      |    9.891(R)|clk               |   0.000|
led<5>      |    8.877(R)|clk               |   0.000|
led<6>      |    8.950(R)|clk               |   0.000|
seg<0>      |   15.103(R)|clk               |   0.000|
seg<1>      |   15.774(R)|clk               |   0.000|
seg<2>      |   16.149(R)|clk               |   0.000|
seg<3>      |   16.266(R)|clk               |   0.000|
seg<4>      |   16.151(R)|clk               |   0.000|
seg<5>      |   14.642(R)|clk               |   0.000|
seg<6>      |   16.124(R)|clk               |   0.000|
------------+------------+------------------+--------+

Clock mclk to Pad
------------+------------+------------------+--------+
            | clk (edge) |                  | Clock  |
Destination |   to PAD   |Internal Clock(s) | Phase  |
------------+------------+------------------+--------+
an<0>       |    8.584(R)|mclk_BUFGP        |   0.000|
an<1>       |    8.511(R)|mclk_BUFGP        |   0.000|
an<2>       |    9.275(R)|mclk_BUFGP        |   0.000|
an<3>       |    9.028(R)|mclk_BUFGP        |   0.000|
seg<0>      |   11.744(R)|mclk_BUFGP        |   0.000|
seg<1>      |   13.250(R)|mclk_BUFGP        |   0.000|
seg<2>      |   13.067(R)|mclk_BUFGP        |   0.000|
seg<3>      |   12.388(R)|mclk_BUFGP        |   0.000|
seg<4>      |   13.069(R)|mclk_BUFGP        |   0.000|
seg<5>      |   12.118(R)|mclk_BUFGP        |   0.000|
seg<6>      |   12.861(R)|mclk_BUFGP        |   0.000|
------------+------------+------------------+--------+

Clock to Setup on destination clock btn<0>
---------------+---------+---------+---------+---------+
               | Src:Rise| Src:Fall| Src:Rise| Src:Fall|
Source Clock   |Dest:Rise|Dest:Rise|Dest:Fall|Dest:Fall|
---------------+---------+---------+---------+---------+
btn<0>         |    5.469|         |         |         |
btn<3>         |    5.469|         |         |         |
---------------+---------+---------+---------+---------+

Clock to Setup on destination clock btn<3>
---------------+---------+---------+---------+---------+
               | Src:Rise| Src:Fall| Src:Rise| Src:Fall|
Source Clock   |Dest:Rise|Dest:Rise|Dest:Fall|Dest:Fall|
---------------+---------+---------+---------+---------+
btn<0>         |    5.469|         |         |         |
btn<3>         |    5.469|         |         |         |
---------------+---------+---------+---------+---------+

Clock to Setup on destination clock mclk
---------------+---------+---------+---------+---------+
               | Src:Rise| Src:Fall| Src:Rise| Src:Fall|
Source Clock   |Dest:Rise|Dest:Rise|Dest:Fall|Dest:Fall|
---------------+---------+---------+---------+---------+
mclk           |    3.847|         |         |         |
---------------+---------+---------+---------+---------+


Analysis completed Tue May 17 16:38:18 2022 
--------------------------------------------------------------------------------

Trace Settings:
-------------------------
Trace Settings 

Peak Memory Usage: 221 MB



